SEQUENCE_ID=y|gene|feature|0
SEQUENCE_TEMPLATE=CAAATAAGGCTTGGAAATTTTCTGGAGTTCTATTATATTCCAACTCTCTGGTTCCTGGTGCTATGTGTAACTAGTAATGGTAATGGATATGTTGGGCTTTTTTCTTTGATTTATTTGAAGTGACGTTTGACAATCTATCACTAGGGGTAATGTGGGGAAATGGAAAGAATACAAGATTTGGAGCCAGACAAATCTGGGTTCAAATCCTCACTTTGCCACATATTAGCCATGTGACTTTGAACAAGTTAGTTAATCTCTCTGAACTTCAGTTTAATTATCTCTAATATGGAGATGATACTACTGACAGCAGAGGTTTGCTGTGAAGATTAAATTAGGTGATGCTTGTAAAGCTCAGGGAATAGTGCCTGGCATAGAGGAAAGCCTCTGACAACTGGTAGTTACTGTTATTTACTATGAATCCTCACCTTCCTTGACTTCTTGAAACATTTGGCTATTGACCTCTTTCCTCCTTGAGGCTCTTCTGGCTTTTCATTGTCAACACAGTCAACGCTCAATACAAGGGACATTAGGATTGGCAGTAGCTCAGAGATCTCTCTGCTCACCGTGATCTTCAAGTTTGAAAATTGCATCTCAAATCTAAGACCCAGAGGGCTCACCCAGAGTCGAGGCTCAAGGACAGCTCTCCTTTGTGTCCAGAGTGTATACGATGTAACTCTGTTCGGGCACTGGTGAAAGATAACAGAGGAAATGCCTGGCTTTTTATCAGAACATGTTTCCAAGCTTATCCCTTTTCCCAGCTCTCCTTGTCCCTCCCAAGATCTCTTCACTGGCCTCTTATCTTTACTGTTACCAAATCTTTCCAGAAGCTGCTCTTTCCCTCAATTGTTCATTTGTCTTCTTGTCCAGGAATGAACCACTGCTCTCTTCTTGTCAGATCAGCTTCTCATCCCTCCTCAAGGGCCTTTAACTACTCCACATCCAAAGCTACCCAGGCCATTTTAAGTTTCCTGTGGACTAAGGACAAAGGTGCGGGGAGATGA
PRIMER_TASK=generic
PRIMER_PICK_LEFT_PRIMER=1
PRIMER_PICK_INTERNAL_OLIGO=0
PRIMER_PICK_RIGHT_PRIMER=1
PRIMER_OPT_SIZE=20
PRIMER_MIN_SIZE=18
PRIMER_MAX_SIZE=22
PRIMER_PRODUCT_SIZE_RANGE=75-150
PRIMER_EXPLAIN_FLAG=1
PRIMER_LEFT_EXPLAIN=considered 4586, GC content failed 41, low tm 3329, high tm 93, high hairpin stability 6, long poly-x seq 15, ok 1102
PRIMER_RIGHT_EXPLAIN=considered 4585, GC content failed 40, low tm 3257, high tm 106, long poly-x seq 15, ok 1167
PRIMER_PAIR_EXPLAIN=considered 106, unacceptable product size 101, ok 5
PRIMER_LEFT_NUM_RETURNED=5
PRIMER_RIGHT_NUM_RETURNED=5
PRIMER_INTERNAL_NUM_RETURNED=0
PRIMER_PAIR_NUM_RETURNED=5
PRIMER_PAIR_0_PENALTY=0.214768
PRIMER_LEFT_0_PENALTY=0.107017
PRIMER_RIGHT_0_PENALTY=0.107752
PRIMER_LEFT_0_SEQUENCE=TGCCTGGCATAGAGGAAAGC
PRIMER_RIGHT_0_SEQUENCE=GCCAGAAGAGCCTCAAGGAG
PRIMER_LEFT_0=362,20
PRIMER_RIGHT_0=485,20
PRIMER_LEFT_0_TM=60.107
PRIMER_RIGHT_0_TM=60.108
PRIMER_LEFT_0_GC_PERCENT=55.000
PRIMER_RIGHT_0_GC_PERCENT=60.000
PRIMER_LEFT_0_SELF_ANY_TH=19.30
PRIMER_RIGHT_0_SELF_ANY_TH=0.00
PRIMER_LEFT_0_SELF_END_TH=0.00
PRIMER_RIGHT_0_SELF_END_TH=0.00
PRIMER_LEFT_0_HAIRPIN_TH=31.71
PRIMER_RIGHT_0_HAIRPIN_TH=37.39
PRIMER_LEFT_0_END_STABILITY=3.5100
PRIMER_RIGHT_0_END_STABILITY=3.6900
PRIMER_PAIR_0_COMPL_ANY_TH=6.57
PRIMER_PAIR_0_COMPL_END_TH=4.13
PRIMER_PAIR_0_PRODUCT_SIZE=124
PRIMER_PAIR_0_PRODUCT_TM=81.8
PRIMER_PAIR_1_PENALTY=0.351214
PRIMER_LEFT_1_PENALTY=0.172352
PRIMER_RIGHT_1_PENALTY=0.178861
PRIMER_LEFT_1_SEQUENCE=GAGTCGAGGCTCAAGGACAG
PRIMER_RIGHT_1_SEQUENCE=AGGAGAGCTGGGAAAAGGGA
PRIMER_LEFT_1=620,20
PRIMER_RIGHT_1=764,20
PRIMER_LEFT_1_TM=59.828
PRIMER_RIGHT_1_TM=60.179
PRIMER_LEFT_1_GC_PERCENT=60.000
PRIMER_RIGHT_1_GC_PERCENT=55.000
PRIMER_LEFT_1_SELF_ANY_TH=15.95
PRIMER_RIGHT_1_SELF_ANY_TH=0.00
PRIMER_LEFT_1_SELF_END_TH=0.00
PRIMER_RIGHT_1_SELF_END_TH=0.00
PRIMER_LEFT_1_HAIRPIN_TH=35.67
PRIMER_RIGHT_1_HAIRPIN_TH=0.00
PRIMER_LEFT_1_END_STABILITY=3.5100
PRIMER_RIGHT_1_END_STABILITY=4.2000
PRIMER_PAIR_1_COMPL_ANY_TH=0.00
PRIMER_PAIR_1_COMPL_END_TH=0.00
PRIMER_PAIR_1_PRODUCT_SIZE=145
PRIMER_PAIR_1_PRODUCT_TM=83.5
PRIMER_PAIR_2_PENALTY=0.351214
PRIMER_LEFT_2_PENALTY=0.172352
PRIMER_RIGHT_2_PENALTY=0.178861
PRIMER_LEFT_2_SEQUENCE=CAGAGTCGAGGCTCAAGGAC
PRIMER_RIGHT_2_SEQUENCE=AGGAGAGCTGGGAAAAGGGA
PRIMER_LEFT_2=618,20
PRIMER_RIGHT_2=764,20
PRIMER_LEFT_2_TM=59.828
PRIMER_RIGHT_2_TM=60.179
PRIMER_LEFT_2_GC_PERCENT=60.000
PRIMER_RIGHT_2_GC_PERCENT=55.000
PRIMER_LEFT_2_SELF_ANY_TH=15.95
PRIMER_RIGHT_2_SELF_ANY_TH=0.00
PRIMER_LEFT_2_SELF_END_TH=13.47
PRIMER_RIGHT_2_SELF_END_TH=0.00
PRIMER_LEFT_2_HAIRPIN_TH=37.94
PRIMER_RIGHT_2_HAIRPIN_TH=0.00
PRIMER_LEFT_2_END_STABILITY=3.8500
PRIMER_RIGHT_2_END_STABILITY=4.2000
PRIMER_PAIR_2_COMPL_ANY_TH=0.00
PRIMER_PAIR_2_COMPL_END_TH=0.00
PRIMER_PAIR_2_PRODUCT_SIZE=147
PRIMER_PAIR_2_PRODUCT_TM=83.6
PRIMER_PAIR_3_PENALTY=0.354392
PRIMER_LEFT_3_PENALTY=0.175531
PRIMER_RIGHT_3_PENALTY=0.178861
PRIMER_LEFT_3_SEQUENCE=GAGGCTCAAGGACAGCTCTC
PRIMER_RIGHT_3_SEQUENCE=AGGAGAGCTGGGAAAAGGGA
PRIMER_LEFT_3=625,20
PRIMER_RIGHT_3=764,20
PRIMER_LEFT_3_TM=59.824
PRIMER_RIGHT_3_TM=60.179
PRIMER_LEFT_3_GC_PERCENT=60.000
PRIMER_RIGHT_3_GC_PERCENT=55.000
PRIMER_LEFT_3_SELF_ANY_TH=10.25
PRIMER_RIGHT_3_SELF_ANY_TH=0.00
PRIMER_LEFT_3_SELF_END_TH=0.00
PRIMER_RIGHT_3_SELF_END_TH=0.00
PRIMER_LEFT_3_HAIRPIN_TH=37.05
PRIMER_RIGHT_3_HAIRPIN_TH=0.00
PRIMER_LEFT_3_END_STABILITY=3.2000
PRIMER_RIGHT_3_END_STABILITY=4.2000
PRIMER_PAIR_3_COMPL_ANY_TH=26.57
PRIMER_PAIR_3_COMPL_END_TH=26.57
PRIMER_PAIR_3_PRODUCT_SIZE=140
PRIMER_PAIR_3_PRODUCT_TM=83.2
PRIMER_PAIR_4_PENALTY=0.360353
PRIMER_LEFT_4_PENALTY=0.326264
PRIMER_RIGHT_4_PENALTY=0.034089
PRIMER_LEFT_4_SEQUENCE=TCCAGAAGCTGCTCTTTCCC
PRIMER_RIGHT_4_SEQUENCE=GCCTGGGTAGCTTTGGATGT
PRIMER_LEFT_4=819,20
PRIMER_RIGHT_4=954,20
PRIMER_LEFT_4_TM=59.674
PRIMER_RIGHT_4_TM=60.034
PRIMER_LEFT_4_GC_PERCENT=55.000
PRIMER_RIGHT_4_GC_PERCENT=55.000
PRIMER_LEFT_4_SELF_ANY_TH=1.00
PRIMER_RIGHT_4_SELF_ANY_TH=0.00
PRIMER_LEFT_4_SELF_END_TH=0.00
PRIMER_RIGHT_4_SELF_END_TH=0.00
PRIMER_LEFT_4_HAIRPIN_TH=34.56
PRIMER_RIGHT_4_HAIRPIN_TH=0.00
PRIMER_LEFT_4_END_STABILITY=3.9700
PRIMER_RIGHT_4_END_STABILITY=3.0600
PRIMER_PAIR_4_COMPL_ANY_TH=13.72
PRIMER_PAIR_4_COMPL_END_TH=10.53
PRIMER_PAIR_4_PRODUCT_SIZE=136
PRIMER_PAIR_4_PRODUCT_TM=83.6
=
