chrom	tplpos	lpseq	rpseq	lppostpl	rppostmp	lpposchrom	rpposchrom	lplen	rplen	linsize	minsize	maxsize	nvprimers	nvproducts
y_x	11	TGCCTGGCATAGAGGAAAGC	GCCAGAAGAGCCTCAAGGAG	351	455	362	466	20	20	124	124	124	1	0
y	11	GAGTCGAGGCTCAAGGACAG	AGGAGAGCTGGGAAAAGGGA	609	734	620	745	20	20	145	142	145	1	0
y	11	CAGAGTCGAGGCTCAAGGAC	AGGAGAGCTGGGAAAAGGGA	607	734	618	745	20	20	147	144	147	1	0
y	11	GAGGCTCAAGGACAGCTCTC	AGGAGAGCTGGGAAAAGGGA	614	734	625	745	20	20	140	137	140	1	0
y	11	TCCAGAAGCTGCTCTTTCCC	GCCTGGGTAGCTTTGGATGT	808	924	819	935	20	20	136	135	138	1	0
