chrom	tplpos	lpseq	rpseq	lppostpl	rppostmp	lpposchrom	rpposchrom	lplen	rplen	linsize	minsize	maxsize	nvprimers	nvproducts
y	0	TGCCTGGCATAGAGGAAAGC	GCCAGAAGAGCCTCAAGGAG	362	466	362	466	20	20	124	124	124	1	0
y	0	GAGTCGAGGCTCAAGGACAG	AGGAGAGCTGGGAAAAGGGA	620	745	620	745	20	20	145	142	145	1	0
y	0	CAGAGTCGAGGCTCAAGGAC	AGGAGAGCTGGGAAAAGGGA	618	745	618	745	20	20	147	144	147	1	0
y	0	GAGGCTCAAGGACAGCTCTC	AGGAGAGCTGGGAAAAGGGA	625	745	625	745	20	20	140	137	140	1	0
y	0	TCCAGAAGCTGCTCTTTCCC	GCCTGGGTAGCTTTGGATGT	819	935	819	935	20	20	136	135	138	1	0
